2026-04-30 19:59:27.296 [info] [main] Log level: Info
2026-04-30 19:59:27.296 [info] [main] Validating found git in: "git"
2026-04-30 19:59:27.296 [info] [main] Using git "2.43.0" from "git"
2026-04-30 19:59:27.297 [info] [Model][doInitialScan] Initial repository scan started
2026-04-30 19:59:27.297 [info] > git rev-parse --show-toplevel [26ms]
2026-04-30 19:59:27.297 [info] fatal: not a git repository (or any parent up to mount point /)
Stopping at filesystem boundary (GIT_DISCOVERY_ACROSS_FILESYSTEM not set).
2026-04-30 19:59:27.297 [info] > git rev-parse --show-toplevel [2ms]
2026-04-30 19:59:27.297 [info] fatal: not a git repository (or any parent up to mount point /)
Stopping at filesystem boundary (GIT_DISCOVERY_ACROSS_FILESYSTEM not set).
2026-04-30 19:59:27.297 [info] [Model][doInitialScan] Initial repository scan completed - repositories (0), closed repositories (0), parent repositories (0), unsafe repositories (0)
2026-04-30 19:59:27.688 [info] > git rev-parse --show-toplevel [2ms]
2026-04-30 19:59:27.688 [info] fatal: not a git repository (or any parent up to mount point /)
Stopping at filesystem boundary (GIT_DISCOVERY_ACROSS_FILESYSTEM not set).
2026-04-30 19:59:27.729 [info] > git rev-parse --show-toplevel [3ms]
2026-04-30 19:59:27.729 [info] fatal: not a git repository (or any parent up to mount point /)
Stopping at filesystem boundary (GIT_DISCOVERY_ACROSS_FILESYSTEM not set).
2026-04-30 19:59:27.738 [info] > git rev-parse --show-toplevel [4ms]
2026-04-30 19:59:27.738 [info] fatal: not a git repository (or any parent up to mount point /)
Stopping at filesystem boundary (GIT_DISCOVERY_ACROSS_FILESYSTEM not set).
2026-04-30 19:59:27.943 [info] > git rev-parse --show-toplevel [1ms]
2026-04-30 19:59:27.944 [info] fatal: not a git repository (or any parent up to mount point /)
Stopping at filesystem boundary (GIT_DISCOVERY_ACROSS_FILESYSTEM not set).
2026-04-30 19:59:28.140 [info] > git rev-parse --show-toplevel [4ms]
2026-04-30 19:59:28.140 [info] fatal: not a git repository (or any parent up to mount point /)
Stopping at filesystem boundary (GIT_DISCOVERY_ACROSS_FILESYSTEM not set).
2026-04-30 19:59:29.362 [info] > git rev-parse --show-toplevel [11ms]
2026-04-30 19:59:29.362 [info] fatal: not a git repository (or any parent up to mount point /)
Stopping at filesystem boundary (GIT_DISCOVERY_ACROSS_FILESYSTEM not set).
2026-04-30 19:59:41.585 [info] > git rev-parse --show-toplevel [2ms]
2026-04-30 19:59:41.585 [info] fatal: not a git repository (or any parent up to mount point /)
Stopping at filesystem boundary (GIT_DISCOVERY_ACROSS_FILESYSTEM not set).
2026-04-30 19:59:41.769 [info] > git rev-parse --show-toplevel [2ms]
2026-04-30 19:59:41.769 [info] fatal: not a git repository (or any parent up to mount point /)
Stopping at filesystem boundary (GIT_DISCOVERY_ACROSS_FILESYSTEM not set).
